<?xml version="1.0" encoding="UTF-8"?>
<TestRun id="b04b4a5b-2b5d-4210-ae55-2df2ef46e2ea" name="vngame@VNPRO 2019-04-07 16:06:19" runUser="vnpro\vngame" xmlns="http://microsoft.com/schemas/VisualStudio/TeamTest/2010">
  <TestSettings name="Local" id="bf55e2ff-5970-4917-b2b7-5a3901a4538a">
    <Description>These are default test settings for a local test run.</Description>
    <Deployment enabled="false" runDeploymentRoot="vngame_VNPRO 2019-04-07 16_06_19">
      <DeploymentItem filename="C:\Users\vngame\Desktop\AirTicketManager\bin\Debug\QuanLyBanVeMayBay.exe" />
    </Deployment>
    <Execution>
      <TestTypeSpecific />
      <AgentRule name="Execution Agents">
      </AgentRule>
    </Execution>
  </TestSettings>
  <Times creation="2019-04-07T16:06:19.1847490+07:00" queuing="2019-04-07T16:06:19.5787715+07:00" start="2019-04-07T16:06:19.6227740+07:00" finish="2019-04-07T16:06:20.0537987+07:00" />
  <ResultSummary outcome="Completed">
    <Counters total="1" executed="1" passed="1" error="0" failed="0" timeout="0" aborted="0" inconclusive="0" passedButRunAborted="0" notRunnable="0" notExecuted="0" disconnected="0" warning="0" completed="0" inProgress="0" pending="0" />
  </ResultSummary>
  <TestDefinitions>
    <UnitTest name="TestMethod1" storage="c:\users\vngame\desktop\airticketmanager\airtickettester\bin\debug\airtickettester.dll" id="df203f45-5615-7e90-fef8-068ae5c9887b">
      <Execution id="48782868-d7af-4b78-9bc7-846ee05f91d9" />
      <TestMethod codeBase="C:/Users/vngame/Desktop/AirTicketManager/AirTicketTester/bin/Debug/AirTicketTester.DLL" adapterTypeName="Microsoft.VisualStudio.TestTools.TestTypes.Unit.UnitTestAdapter, Microsoft.VisualStudio.QualityTools.Tips.UnitTest.Adapter, Version=10.0.0.0, Culture=neutral, PublicKeyToken=b03f5f7f11d50a3a" className="AirTicketTester.UnitTest1, AirTicketTester, Version=1.0.0.0, Culture=neutral, PublicKeyToken=null" name="TestMethod1" />
    </UnitTest>
  </TestDefinitions>
  <TestLists>
    <TestList name="Results Not in a List" id="8c84fa94-04c1-424b-9868-57a2d4851a1d" />
    <TestList name="All Loaded Results" id="19431567-8539-422a-85d7-44ee4e166bda" />
  </TestLists>
  <TestEntries>
    <TestEntry testId="df203f45-5615-7e90-fef8-068ae5c9887b" executionId="48782868-d7af-4b78-9bc7-846ee05f91d9" testListId="8c84fa94-04c1-424b-9868-57a2d4851a1d" />
  </TestEntries>
  <Results>
    <UnitTestResult executionId="48782868-d7af-4b78-9bc7-846ee05f91d9" testId="df203f45-5615-7e90-fef8-068ae5c9887b" testName="TestMethod1" computerName="VNPRO" duration="00:00:00.0150670" startTime="2019-04-07T16:06:19.6397750+07:00" endTime="2019-04-07T16:06:19.9827946+07:00" testType="13cdc9d9-ddb5-4fa4-a97d-d965ccfc6d4b" outcome="Passed" testListId="8c84fa94-04c1-424b-9868-57a2d4851a1d" relativeResultsDirectory="48782868-d7af-4b78-9bc7-846ee05f91d9">
    </UnitTestResult>
  </Results>
</TestRun>